Версия MSBuild 17.14.18+a338add32 для .NET Framework

  1>Building 2 shaders
  Building shader C:/Users/RAYYONA/Downloads/AyuGram Desktop/1/solstice-master-main/dexko/src/Utils/Shaders/BlockInstanceVS.hlsl	Building shader C:/Users/RAYYONA/Downloads/AyuGram Desktop/1/solstice-master-main/dexko/src/Utils/Shaders/DefaultPS.hlsl
  1>Generating build info [C:/Users/RAYYONA/Downloads/AyuGram Desktop/1/solstice-master-main/dexko/build/build_info.h]
  fatal: not a git repository (or any of the parent directories): .git
  -- Build version: 
  -- Build version (short): 
  fatal: not a git repository (or any of the parent directories): .git
  -- Build branch: 
  fatal: not a git repository (or any of the parent directories): .git
  -- Build commit message: 
CUSTOMBUILD : warning : Not a git repository. Use --no-index to compare two paths outside a working tree [C:\Users\RAYYONA\Downloads\AyuGram Desktop\1\solstice-master-main\dexko\build\generate_build_info.vcxproj]
  usage: git diff --no-index [<options>] <path> <path> [<pathspec>...]
  
  Diff output format options
      -p, --patch           generate patch
      -s, --no-patch        suppress diff output
      -u                    generate patch
      -U, --unified[=<n>]   generate diffs with <n> lines context
      -W, --[no-]function-context
                            generate diffs with <n> lines context
      --raw                 generate the diff in raw format
      --patch-with-raw      synonym for '-p --raw'
      --patch-with-stat     synonym for '-p --stat'
      --numstat             machine friendly --stat
      --shortstat           output only the last line of --stat
      -X, --dirstat[=<param1>,<param2>...]
                            output the distribution of relative amount of changes for each sub-directory
      --cumulative          synonym for --dirstat=cumulative
      --dirstat-by-file[=<param1>,<param2>...]
                            synonym for --dirstat=files,<param1>,<param2>...
      --check               warn if changes introduce conflict markers or whitespace errors
      --summary             condensed summary such as creations, renames and mode changes
      --name-only           show only names of changed files
      --name-status         show only names and status of changed files
      --stat[=<width>[,<name-width>[,<count>]]]
                            generate diffstat
      --stat-width <width>  generate diffstat with a given width
      --stat-name-width <width>
                            generate diffstat with a given name width
      --stat-graph-width <width>
                            generate diffstat with a given graph width
      --stat-count <count>  generate diffstat with limited lines
      --[no-]compact-summary
                            generate compact summary in diffstat
      --binary              output a binary diff that can be applied
      --[no-]full-index     show full pre- and post-image object names on the "index" lines
      --[no-]color[=<when>] show colored diff
      --ws-error-highlight <kind>
                            highlight whitespace errors in the 'context', 'old' or 'new' lines in the diff
      -z                    do not munge pathnames and use NULs as output field terminators in --raw or --numstat
      --[no-]abbrev[=<n>]   use <n> digits to display object names
      --src-prefix <prefix> show the given source prefix instead of "a/"
      --dst-prefix <prefix> show the given destination prefix instead of "b/"
      --line-prefix <prefix>
                            prepend an additional prefix to every line of output
      --no-prefix           do not show any source or destination prefix
      --default-prefix      use default prefixes a/ and b/
      --inter-hunk-context <n>
                            show context between diff hunks up to the specified number of lines
      --output-indicator-new <char>
                            specify the character to indicate a new line instead of '+'
      --output-indicator-old <char>
                            specify the character to indicate an old line instead of '-'
      --output-indicator-context <char>
                            specify the character to indicate a context instead of ' '
  
  Diff rename options
      -B, --break-rewrites[=<n>[/<m>]]
                            break complete rewrite changes into pairs of delete and create
      -M, --find-renames[=<n>]
                            detect renames
      -D, --irreversible-delete
                            omit the preimage for deletes
      -C, --find-copies[=<n>]
                            detect copies
      --[no-]find-copies-harder
                            use unmodified files as source to find copies
      --no-renames          disable rename detection
      --[no-]rename-empty   use empty blobs as rename source
      --[no-]follow         continue listing the history of a file beyond renames
      -l <n>                prevent rename/copy detection if the number of rename/copy targets exceeds given limit
  
  Diff algorithm options
      --minimal             produce the smallest possible diff
      -w, --ignore-all-space
                            ignore whitespace when comparing lines
      -b, --ignore-space-change
                            ignore changes in amount of whitespace
      --ignore-space-at-eol ignore changes in whitespace at EOL
      --ignore-cr-at-eol    ignore carrier-return at the end of line
      --ignore-blank-lines  ignore changes whose lines are all blank
      -I, --[no-]ignore-matching-lines <regex>
                            ignore changes whose all lines match <regex>
      --[no-]indent-heuristic
                            heuristic to shift diff hunk boundaries for easy reading
      --patience            generate diff using the "patience diff" algorithm
      --histogram           generate diff using the "histogram diff" algorithm
      --diff-algorithm <algorithm>
                            choose a diff algorithm
      --anchored <text>     generate diff using the "anchored diff" algorithm
      --word-diff[=<mode>]  show word diff, using <mode> to delimit changed words
      --word-diff-regex <regex>
                            use <regex> to decide what a word is
      --color-words[=<regex>]
                            equivalent to --word-diff=color --word-diff-regex=<regex>
      --[no-]color-moved[=<mode>]
                            moved lines of code are colored differently
      --[no-]color-moved-ws <mode>
                            how white spaces are ignored in --color-moved
  
  Other diff options
      --[no-]relative[=<prefix>]
                            when run from subdir, exclude changes outside and show relative paths
      -a, --[no-]text       treat all files as text
      -R                    swap two inputs, reverse the diff
      --[no-]exit-code      exit with 1 if there were differences, 0 otherwise
      --[no-]quiet          disable all output of the program
      --[no-]ext-diff       allow an external diff helper to be executed
      --[no-]textconv       run external text conversion filters when comparing binary files
      --ignore-submodules[=<when>]
                            ignore changes to submodules in the diff generation
      --submodule[=<format>]
                            specify how differences in submodules are shown
      --ita-invisible-in-index
                            hide 'git add -N' entries from the index
      --ita-visible-in-index
                            treat 'git add -N' entries as real in the index
      -S <string>           look for differences that change the number of occurrences of the specified string
      -G <regex>            look for differences that change the number of occurrences of the specified regex
      --pickaxe-all         show all changes in the changeset with -S or -G
      --pickaxe-regex       treat <string> in -S as extended POSIX regular expression
      -O <file>             control the order in which files appear in the output
      --rotate-to <path>    show the change in the specified path first
      --skip-to <path>      skip the output to the specified path
      --find-object <object-id>
                            look for differences that change the number of occurrences of the specified object
      --diff-filter [(A|C|D|M|R|T|U|X|B)...[*]]
                            select files by diff type
      --max-depth <depth>   maximum tree depth to recurse
      --output <file>       output to a specific file
  
  -- Files changed: 0
  -- PC username: RAYYONA
  -- Minecraft install location: C:/Program Files/WindowsApps/Microsoft.MinecraftUWP_1.21.4401.0_x64__8wekyb3d8bbwe/Minecraft.Windows.exe
  -- Intended version: 1.21.44.1
  -- Updating build_info.h
C:\Program Files\Microsoft Visual Studio\2022\Community\MSBuild\Microsoft\VC\v170\Microsoft.CppBuild.targets(1129,5): warning MSB8027: два или более файлов с именем Scanner.cpp выводят результаты в одно и то же расположение. Это может стать причиной неверного результата сборки.  Включенные файлы — C:\Users\RAYYONA\Downloads\AyuGram Desktop\1\solstice-master-main\dexko\include\libhat\src\Scanner.cpp, C:\Users\RAYYONA\Downloads\AyuGram Desktop\1\solstice-master-main\dexko\include\libhat\src\os\win32\Scanner.cpp. [C:\Users\RAYYONA\Downloads\AyuGram Desktop\1\solstice-master-main\dexko\build\include\libhat\libhat.vcxproj]
C:\Program Files\Microsoft Visual Studio\2022\Community\MSBuild\Microsoft\VC\v170\Microsoft.CppBuild.targets(1129,5): warning MSB8027: два или более файлов с именем System.cpp выводят результаты в одно и то же расположение. Это может стать причиной неверного результата сборки.  Включенные файлы — C:\Users\RAYYONA\Downloads\AyuGram Desktop\1\solstice-master-main\dexko\include\libhat\src\System.cpp, C:\Users\RAYYONA\Downloads\AyuGram Desktop\1\solstice-master-main\dexko\include\libhat\src\os\unix\System.cpp, C:\Users\RAYYONA\Downloads\AyuGram Desktop\1\solstice-master-main\dexko\include\libhat\src\os\win32\System.cpp, C:\Users\RAYYONA\Downloads\AyuGram Desktop\1\solstice-master-main\dexko\include\libhat\src\arch\x86\System.cpp, C:\Users\RAYYONA\Downloads\AyuGram Desktop\1\solstice-master-main\dexko\include\libhat\src\arch\arm\System.cpp. [C:\Users\RAYYONA\Downloads\AyuGram Desktop\1\solstice-master-main\dexko\build\include\libhat\libhat.vcxproj]
C:\Program Files\Microsoft Visual Studio\2022\Community\MSBuild\Microsoft\VC\v170\Microsoft.CppBuild.targets(1129,5): warning MSB8027: два или более файлов с именем MemoryProtector.cpp выводят результаты в одно и то же расположение. Это может стать причиной неверного результата сборки.  Включенные файлы — C:\Users\RAYYONA\Downloads\AyuGram Desktop\1\solstice-master-main\dexko\include\libhat\src\os\linux\MemoryProtector.cpp, C:\Users\RAYYONA\Downloads\AyuGram Desktop\1\solstice-master-main\dexko\include\libhat\src\os\win32\MemoryProtector.cpp. [C:\Users\RAYYONA\Downloads\AyuGram Desktop\1\solstice-master-main\dexko\build\include\libhat\libhat.vcxproj]
C:\Program Files\Microsoft Visual Studio\2022\Community\MSBuild\Microsoft\VC\v170\Microsoft.CppBuild.targets(1129,5): warning MSB8027: два или более файлов с именем Process.cpp выводят результаты в одно и то же расположение. Это может стать причиной неверного результата сборки.  Включенные файлы — C:\Users\RAYYONA\Downloads\AyuGram Desktop\1\solstice-master-main\dexko\include\libhat\src\os\unix\Process.cpp, C:\Users\RAYYONA\Downloads\AyuGram Desktop\1\solstice-master-main\dexko\include\libhat\src\os\win32\Process.cpp. [C:\Users\RAYYONA\Downloads\AyuGram Desktop\1\solstice-master-main\dexko\build\include\libhat\libhat.vcxproj]
  glm.vcxproj -> C:\Users\RAYYONA\Downloads\AyuGram Desktop\1\solstice-master-main\dexko\build\_deps\glm-build\glm\Release\glm.lib
  libhat.vcxproj -> C:\Users\RAYYONA\Downloads\AyuGram Desktop\1\solstice-master-main\dexko\build\include\libhat\Release\libhat.lib
  cryptopp_asm.vcxproj -> C:\Users\RAYYONA\Downloads\AyuGram Desktop\1\solstice-master-main\dexko\build\_deps\cryptopp-cmake-build\cryptopp\cryptopp_asm.dir\Release\cryptopp_asm.lib
  spdlog.vcxproj -> C:\Users\RAYYONA\Downloads\AyuGram Desktop\1\solstice-master-main\dexko\build\_deps\spdlog-build\Release\spdlog.lib
  minhook.vcxproj -> C:\Users\RAYYONA\Downloads\AyuGram Desktop\1\solstice-master-main\dexko\build\include\minhook\Release\minhook.x64.lib
  Проверка источников на наличие зависимостей модуля…
  kiero.vcxproj -> C:\Users\RAYYONA\Downloads\AyuGram Desktop\1\solstice-master-main\dexko\build\include\Kiero\Release\kiero.lib
  cryptopp.vcxproj -> C:\Users\RAYYONA\Downloads\AyuGram Desktop\1\solstice-master-main\dexko\build\_deps\cryptopp-cmake-build\cryptopp\Release\cryptopp.lib
  Проверка источников на наличие зависимостей модуля…
  imgui_impl_dx11.cpp
  imgui_demo.cpp
  imgui.cpp
  imgui_draw.cpp
  imgui_impl_dx12.cpp
  imgui_widgets.cpp
  imgui_tables.cpp
  imgui_impl_win32.cpp
  imgui_toggle.cpp
  imgui_toggle_renderer.cpp
  imgui_toggle_palette.cpp
  Компиляция…
  cmake_pch.cxx
  imgui_demo.cpp
  imgui.cpp
  imgui_draw.cpp
  imgui_impl_dx11.cpp
  imgui_impl_dx12.cpp
  imgui_tables.cpp
  imgui_widgets.cpp
  imgui_impl_win32.cpp
  imgui_toggle.cpp
  imgui_toggle_palette.cpp
  imgui_toggle_renderer.cpp
  unity_12_cxx.cxx
  unity_11_cxx.cxx
  unity_10_cxx.cxx
  unity_9_cxx.cxx
  unity_8_cxx.cxx
  unity_7_cxx.cxx
  unity_6_cxx.cxx
  unity_5_cxx.cxx
  unity_4_cxx.cxx
  unity_3_cxx.cxx
  unity_2_cxx.cxx
C:\Users\RAYYONA\Downloads\AyuGram Desktop\1\solstice-master-main\dexko\src\Features\Modules\ModuleManager.cpp(31,7): warning C4286: const nlohmann::json_abi_v3_11_3::basic_json<std::map,std::vector,std::string,bool,int64_t,uint64_t,double,std::allocator,nlohmann::json_abi_v3_11_3::adl_serializer,std::vector<uint8_t,std::allocator<uint8_t>>,void>::exception &: перехвачено базовым классом ("const std::exception &") в строке 28 [C:\Users\RAYYONA\Downloads\AyuGram Desktop\1\solstice-master-main\dexko\build\Dexko.vcxproj]
  (компиляция исходного файла "CMakeFiles/Dexko.dir/Unity/unity_2_cxx.cxx")
  
C:\Users\RAYYONA\Downloads\AyuGram Desktop\1\solstice-master-main\dexko\src\Features\Modules\ModuleManager.cpp(133,7): warning C4286: const nlohmann::json_abi_v3_11_3::basic_json<std::map,std::vector,std::string,bool,int64_t,uint64_t,double,std::allocator,nlohmann::json_abi_v3_11_3::adl_serializer,std::vector<uint8_t,std::allocator<uint8_t>>,void>::exception &: перехвачено базовым классом ("const std::exception &") в строке 130 [C:\Users\RAYYONA\Downloads\AyuGram Desktop\1\solstice-master-main\dexko\build\Dexko.vcxproj]
  (компиляция исходного файла "CMakeFiles/Dexko.dir/Unity/unity_2_cxx.cxx")
  
  unity_1_cxx.cxx
  unity_0_cxx.cxx
LINK : warning LNK4044: нераспознанный параметр "/Zi"; игнорируется [C:\Users\RAYYONA\Downloads\AyuGram Desktop\1\solstice-master-main\dexko\build\Dexko.vcxproj]
  Создание кода
  Создание кода завершено
  Dexko.vcxproj -> C:\Users\RAYYONA\Downloads\AyuGram Desktop\1\solstice-master-main\dexko\build\Release\Dexko.dll
