CMake Warning at cmake/CPM.cmake:80 (message):
  CPM: Your project is using an unstable development version of CPM.cmake.
  Please update to a recent release if possible.  See
  https://github.com/cpm-cmake/CPM.cmake for details.
Call Stack (most recent call first):
  CMakeLists.txt:3 (include)


-- Selecting Windows SDK version 10.0.26100.0 to target Windows 10.0.19045.
-- ld found at C:/msys64/mingw64/bin/ld.exe
-- CPM: Adding package spdlog@1.9.2 (v1.9.2)
-- Build spdlog: 1.9.2
-- Build type: Release
-- CPM: Adding package magic_enum@0.9.5 (v0.9.5)
-- CPM: Adding package glm@1.0.1 (1.0.1)
CMake Deprecation Warning at build/_deps/glm-src/CMakeLists.txt:1 (cmake_minimum_required):
  Compatibility with CMake < 3.10 will be removed from a future version of
  CMake.

  Update the VERSION argument <min> value.  Or, use the <min>...<max> syntax
  to tell CMake that the project requires at least <min> but has been updated
  to work with policies introduced by <max> or earlier.


CMake Deprecation Warning at build/_deps/glm-src/CMakeLists.txt:2 (cmake_policy):
  Compatibility with CMake < 3.10 will be removed from a future version of
  CMake.

  Update the VERSION argument <min> value.  Or, use the <min>...<max> syntax
  to tell CMake that the project requires at least <min> but has been updated
  to work with policies introduced by <max> or earlier.


-- GLM: Version 1.0.1
-- GLM: Build with C++ features auto detection
-- CPM: Adding package nlohmann_json@3.11.3 (v3.11.3)
-- Using the multi-header code from C:/Users/RAYYONA/Downloads/AyuGram Desktop/1/solstice-master-main/dexko/build/_deps/nlohmann_json-src/include/
-- CPM: Adding package cryptopp-cmake@ (master)
-- => Project : cryptopp-cmake v8.9.0
-- Crypto++ auto fetched at: C:/Users/RAYYONA/Downloads/AyuGram Desktop/1/solstice-master-main/dexko/build/_deps/cryptopp-cmake-build/cryptopp
-- Using branch master for tests
-- Adding unit test: disable-asm
-- Adding unit test: include-prefix
-- Adding unit test: no-install
-- Adding unit test: standard-cpm
-- Adding install integration test: int-install-default
-- Adding install integration test: int-install-prefix
-- => Module : cryptopp
-- [cryptopp] CMake version 4.1.1
-- [cryptopp] System Windows
-- [cryptopp] Processor AMD64
-- [cryptopp] CMAKE_HOST_SYSTEM_PROCESSOR : AMD64
-- [cryptopp]      CMAKE_SYSTEM_PROCESSOR : AMD64
-- [cryptopp] Target architecture detected as: x86_64 -> CRYPTOPP_AMD64
-- [cryptopp] Generating cmake package config files
-- [cryptopp] Generating pkgconfig files
-- [cryptopp] Platform: x86_64
-- [cryptopp] Compiler definitions:  
-- [cryptopp] Compiler options: /DWIN32 /D_WINDOWS /EHsc  /FIwinapifamily.h;/GR;/MP;/EHsc
-- [cryptopp] Build type: Release
CMake Warning (dev) at CMakeLists.txt:79 (add_custom_command):
  The following keywords are not supported when using
  add_custom_command(TARGET): DEPENDS.

  Policy CMP0175 is not set: add_custom_command() rejects invalid arguments.
  Run "cmake --help-policy CMP0175" for policy details.  Use the cmake_policy
  command to set the policy and suppress this warning.
This warning is for project developers.  Use -Wno-dev to suppress it.

CMake Warning (dev) at CMakeLists.txt:79 (add_custom_command):
  Exactly one of PRE_BUILD, PRE_LINK, or POST_BUILD must be given.  Assuming
  POST_BUILD to preserve backward compatibility.

  Policy CMP0175 is not set: add_custom_command() rejects invalid arguments.
  Run "cmake --help-policy CMP0175" for policy details.  Use the cmake_policy
  command to set the policy and suppress this warning.
This warning is for project developers.  Use -Wno-dev to suppress it.

CMake Warning (dev) at CMakeLists.txt:90 (add_custom_command):
  The following keywords are not supported when using
  add_custom_command(TARGET): DEPENDS.

  Policy CMP0175 is not set: add_custom_command() rejects invalid arguments.
  Run "cmake --help-policy CMP0175" for policy details.  Use the cmake_policy
  command to set the policy and suppress this warning.
This warning is for project developers.  Use -Wno-dev to suppress it.

CMake Warning (dev) at CMakeLists.txt:90 (add_custom_command):
  Exactly one of PRE_BUILD, PRE_LINK, or POST_BUILD must be given.  Assuming
  POST_BUILD to preserve backward compatibility.

  Policy CMP0175 is not set: add_custom_command() rejects invalid arguments.
  Run "cmake --help-policy CMP0175" for policy details.  Use the cmake_policy
  command to set the policy and suppress this warning.
This warning is for project developers.  Use -Wno-dev to suppress it.

-- Embedding resource: resources/fonts/Roboto-Regular.ttf
-- Embedding resource: resources/fonts/Tenacity-Icons.ttf
-- Embedding resource: resources/fonts/mntsb.ttf
-- Embedding resource: resources/fonts/nurik.ttf
-- Embedding resource: resources/skinblinker.txt
-- Generated Resources.hpp
-- Generated Resources.cpp
-- Configuring done (34.9s)
-- Generating done (3.4s)
-- Build files have been written to: C:/Users/RAYYONA/Downloads/AyuGram Desktop/1/solstice-master-main/dexko/build
